// Jest Snapshot v1, https://goo.gl/fbAQLP

exports[`loginScreen.js should show 1`] = `
<div>
  <h3
    className="auth__title mb-5"
  >
    Login
  </h3>
  <form
    className="animate__animated animate__bounce animate__fadeIn animate__faster"
    onSubmit={[Function]}
  >
    <input
      autoComplete="off"
      className="auth__input"
      id="inputEmail"
      name="email"
      onChange={[Function]}
      placeholder="Email"
      type="text"
      value=""
    />
    <input
      autoComplete="off"
      className="auth__input"
      id="inputPassword"
      name="password"
      onChange={[Function]}
      placeholder="Password"
      type="password"
      value=""
    />
    <button
      className="btn btn-primary btn-block mb-5"
      disabled={false}
      type="submit"
    >
      Login
    </button>
    <hr />
    <div
      className="auth__social-networks"
    >
      <p>
        Login with Social Networks
      </p>
      <div
        className="google-btn"
        onClick={[Function]}
      >
        <div
          className="google-icon-wrapper"
        >
          <img
            alt="google button"
            className="google-icon"
            src="https://upload.wikimedia.org/wikipedia/commons/5/53/Google_%22G%22_Logo.svg"
          />
        </div>
        <p
          className="btn-text"
        >
          <b>
            Sign in with google
          </b>
        </p>
      </div>
      <a
        className="link"
        href="/auth/register"
        onClick={[Function]}
      >
        Register
      </a>
    </div>
  </form>
</div>
`;
