// Jest Snapshot v1, https://goo.gl/fbAQLP

exports[`RegisterScreen.js should show 1`] = `
<div>
  <h3
    className="auth__title mb-5"
  >
    RegisterScreen
  </h3>
  <form
    className="animate__animated animate__bounce animate__fadeIn animate__faster"
    onSubmit={[Function]}
  >
    <input
      autoComplete="off"
      className="auth__input"
      name="name"
      onChange={[Function]}
      placeholder="Name"
      type="text"
      value=""
    />
    <input
      autoComplete="off"
      className="auth__input"
      name="email"
      onChange={[Function]}
      placeholder="Email"
      type="text"
      value=""
    />
    <input
      autoComplete="off"
      className="auth__input"
      name="password"
      onChange={[Function]}
      placeholder="Password"
      type="password"
      value=""
    />
    <input
      autoComplete="off"
      className="auth__input"
      name="password2"
      onChange={[Function]}
      placeholder="Repeat Password"
      type="password"
      value=""
    />
    <button
      className="btn btn-primary btn-block mb-5"
      type="submit"
    >
      Register
    </button>
    <a
      className="link"
      href="/auth/login"
      onClick={[Function]}
    >
      Already register?
    </a>
  </form>
</div>
`;
